PHPUnit Started (PHPUnit 11.5.15 using PHP 8.4.0 (cli) on WINNT)
Test Runner Configured
Bootstrap Finished (C:\Users\gimha\library\App\vendor/autoload.php)
Event Facade Sealed
Test Runner Triggered Deprecation (Metadata found in doc-comment for method Tests\Unit\Http\Requests\StorePublicationRequestTest::it_validates_required_fields(). Metadata in doc-comments is deprecated and will no longer be supported in PHPUnit 12. Update your test code to use attributes instead.)

   WARN  Metadata found in doc-comment for method Tests\Unit\Http\Requests\StorePublicationRequestTest::it_validates_required_fields(). Metadata in doc-comments is deprecated and will no longer be supported in PHPUnit 12. Update your test code to use attributes instead.
Test Runner Triggered Deprecation (Metadata found in doc-comment for method Tests\Unit\Http\Requests\StorePublicationRequestTest::it_validates_file_types(). Metadata in doc-comments is deprecated and will no longer be supported in PHPUnit 12. Update your test code to use attributes instead.)

   WARN  Metadata found in doc-comment for method Tests\Unit\Http\Requests\StorePublicationRequestTest::it_validates_file_types(). Metadata in doc-comments is deprecated and will no longer be supported in PHPUnit 12. Update your test code to use attributes instead.
Test Runner Triggered Deprecation (Metadata found in doc-comment for method Tests\Unit\Http\Requests\StorePublicationRequestTest::it_validates_file_size(). Metadata in doc-comments is deprecated and will no longer be supported in PHPUnit 12. Update your test code to use attributes instead.)

   WARN  Metadata found in doc-comment for method Tests\Unit\Http\Requests\StorePublicationRequestTest::it_validates_file_size(). Metadata in doc-comments is deprecated and will no longer be supported in PHPUnit 12. Update your test code to use attributes instead.
Test Runner Triggered Deprecation (Metadata found in doc-comment for method Tests\Unit\Http\Requests\StorePublicationRequestTest::it_validates_date_fields(). Metadata in doc-comments is deprecated and will no longer be supported in PHPUnit 12. Update your test code to use attributes instead.)

   WARN  Metadata found in doc-comment for method Tests\Unit\Http\Requests\StorePublicationRequestTest::it_validates_date_fields(). Metadata in doc-comments is deprecated and will no longer be supported in PHPUnit 12. Update your test code to use attributes instead.
Test Runner Triggered Deprecation (Metadata found in doc-comment for method Tests\Unit\Http\Requests\StorePublicationRequestTest::it_passes_validation_with_valid_data(). Metadata in doc-comments is deprecated and will no longer be supported in PHPUnit 12. Update your test code to use attributes instead.)

   WARN  Metadata found in doc-comment for method Tests\Unit\Http\Requests\StorePublicationRequestTest::it_passes_validation_with_valid_data(). Metadata in doc-comments is deprecated and will no longer be supported in PHPUnit 12. Update your test code to use attributes instead.
Test Runner Triggered Deprecation (Metadata found in doc-comment for method Tests\Unit\Jobs\ProcessFileUploadTest::it_processes_file_upload(). Metadata in doc-comments is deprecated and will no longer be supported in PHPUnit 12. Update your test code to use attributes instead.)

   WARN  Metadata found in doc-comment for method Tests\Unit\Jobs\ProcessFileUploadTest::it_processes_file_upload(). Metadata in doc-comments is deprecated and will no longer be supported in PHPUnit 12. Update your test code to use attributes instead.
Test Runner Triggered Deprecation (Metadata found in doc-comment for method Tests\Unit\Jobs\ProcessFileUploadTest::it_handles_job_failure(). Metadata in doc-comments is deprecated and will no longer be supported in PHPUnit 12. Update your test code to use attributes instead.)

   WARN  Metadata found in doc-comment for method Tests\Unit\Jobs\ProcessFileUploadTest::it_handles_job_failure(). Metadata in doc-comments is deprecated and will no longer be supported in PHPUnit 12. Update your test code to use attributes instead.
Test Runner Triggered Deprecation (Metadata found in doc-comment for method Tests\Unit\Jobs\ProcessFileUploadTest::it_retries_on_failure(). Metadata in doc-comments is deprecated and will no longer be supported in PHPUnit 12. Update your test code to use attributes instead.)

   WARN  Metadata found in doc-comment for method Tests\Unit\Jobs\ProcessFileUploadTest::it_retries_on_failure(). Metadata in doc-comments is deprecated and will no longer be supported in PHPUnit 12. Update your test code to use attributes instead.
Test Runner Triggered Deprecation (Metadata found in doc-comment for method Tests\Unit\Services\FileUploadServiceTest::it_can_upload_a_file(). Metadata in doc-comments is deprecated and will no longer be supported in PHPUnit 12. Update your test code to use attributes instead.)

   WARN  Metadata found in doc-comment for method Tests\Unit\Services\FileUploadServiceTest::it_can_upload_a_file(). Metadata in doc-comments is deprecated and will no longer be supported in PHPUnit 12. Update your test code to use attributes instead.
Test Runner Triggered Deprecation (Metadata found in doc-comment for method Tests\Unit\Services\FileUploadServiceTest::it_validates_file_type(). Metadata in doc-comments is deprecated and will no longer be supported in PHPUnit 12. Update your test code to use attributes instead.)

   WARN  Metadata found in doc-comment for method Tests\Unit\Services\FileUploadServiceTest::it_validates_file_type(). Metadata in doc-comments is deprecated and will no longer be supported in PHPUnit 12. Update your test code to use attributes instead.
Test Runner Triggered Deprecation (Metadata found in doc-comment for method Tests\Unit\Services\FileUploadServiceTest::it_validates_file_size(). Metadata in doc-comments is deprecated and will no longer be supported in PHPUnit 12. Update your test code to use attributes instead.)

   WARN  Metadata found in doc-comment for method Tests\Unit\Services\FileUploadServiceTest::it_validates_file_size(). Metadata in doc-comments is deprecated and will no longer be supported in PHPUnit 12. Update your test code to use attributes instead.
Test Runner Triggered Deprecation (Metadata found in doc-comment for method Tests\Unit\Services\FileUploadServiceTest::it_can_delete_a_publication(). Metadata in doc-comments is deprecated and will no longer be supported in PHPUnit 12. Update your test code to use attributes instead.)

   WARN  Metadata found in doc-comment for method Tests\Unit\Services\FileUploadServiceTest::it_can_delete_a_publication(). Metadata in doc-comments is deprecated and will no longer be supported in PHPUnit 12. Update your test code to use attributes instead.
Test Runner Triggered Deprecation (Metadata found in doc-comment for method Tests\Unit\Services\FileUploadServiceTest::it_generates_unique_filenames(). Metadata in doc-comments is deprecated and will no longer be supported in PHPUnit 12. Update your test code to use attributes instead.)

   WARN  Metadata found in doc-comment for method Tests\Unit\Services\FileUploadServiceTest::it_generates_unique_filenames(). Metadata in doc-comments is deprecated and will no longer be supported in PHPUnit 12. Update your test code to use attributes instead.
Test Runner Triggered Deprecation (Metadata found in doc-comment for method Tests\Feature\Api\PublicationControllerTest::it_can_upload_a_publication(). Metadata in doc-comments is deprecated and will no longer be supported in PHPUnit 12. Update your test code to use attributes instead.)

   WARN  Metadata found in doc-comment for method Tests\Feature\Api\PublicationControllerTest::it_can_upload_a_publication(). Metadata in doc-comments is deprecated and will no longer be supported in PHPUnit 12. Update your test code to use attributes instead.
Test Runner Triggered Deprecation (Metadata found in doc-comment for method Tests\Feature\Api\PublicationControllerTest::it_validates_upload_request(). Metadata in doc-comments is deprecated and will no longer be supported in PHPUnit 12. Update your test code to use attributes instead.)

   WARN  Metadata found in doc-comment for method Tests\Feature\Api\PublicationControllerTest::it_validates_upload_request(). Metadata in doc-comments is deprecated and will no longer be supported in PHPUnit 12. Update your test code to use attributes instead.
Test Runner Triggered Deprecation (Metadata found in doc-comment for method Tests\Feature\Api\PublicationControllerTest::it_lists_publications(). Metadata in doc-comments is deprecated and will no longer be supported in PHPUnit 12. Update your test code to use attributes instead.)

   WARN  Metadata found in doc-comment for method Tests\Feature\Api\PublicationControllerTest::it_lists_publications(). Metadata in doc-comments is deprecated and will no longer be supported in PHPUnit 12. Update your test code to use attributes instead.
Test Runner Triggered Deprecation (Metadata found in doc-comment for method Tests\Feature\Api\PublicationControllerTest::it_filters_publications_by_year_and_month(). Metadata in doc-comments is deprecated and will no longer be supported in PHPUnit 12. Update your test code to use attributes instead.)

   WARN  Metadata found in doc-comment for method Tests\Feature\Api\PublicationControllerTest::it_filters_publications_by_year_and_month(). Metadata in doc-comments is deprecated and will no longer be supported in PHPUnit 12. Update your test code to use attributes instead.
Test Runner Triggered Deprecation (Metadata found in doc-comment for method Tests\Feature\Api\PublicationControllerTest::it_shows_a_publication(). Metadata in doc-comments is deprecated and will no longer be supported in PHPUnit 12. Update your test code to use attributes instead.)

   WARN  Metadata found in doc-comment for method Tests\Feature\Api\PublicationControllerTest::it_shows_a_publication(). Metadata in doc-comments is deprecated and will no longer be supported in PHPUnit 12. Update your test code to use attributes instead.
Test Runner Triggered Deprecation (Metadata found in doc-comment for method Tests\Feature\Api\PublicationControllerTest::it_prevents_viewing_other_users_publications(). Metadata in doc-comments is deprecated and will no longer be supported in PHPUnit 12. Update your test code to use attributes instead.)

   WARN  Metadata found in doc-comment for method Tests\Feature\Api\PublicationControllerTest::it_prevents_viewing_other_users_publications(). Metadata in doc-comments is deprecated and will no longer be supported in PHPUnit 12. Update your test code to use attributes instead.
Test Runner Triggered Deprecation (Metadata found in doc-comment for method Tests\Feature\Api\PublicationControllerTest::it_deletes_a_publication(). Metadata in doc-comments is deprecated and will no longer be supported in PHPUnit 12. Update your test code to use attributes instead.)

   WARN  Metadata found in doc-comment for method Tests\Feature\Api\PublicationControllerTest::it_deletes_a_publication(). Metadata in doc-comments is deprecated and will no longer be supported in PHPUnit 12. Update your test code to use attributes instead.
Test Runner Triggered Deprecation (Metadata found in doc-comment for method Tests\Feature\Api\PublicationControllerTest::it_prevents_deleting_other_users_publications(). Metadata in doc-comments is deprecated and will no longer be supported in PHPUnit 12. Update your test code to use attributes instead.)

   WARN  Metadata found in doc-comment for method Tests\Feature\Api\PublicationControllerTest::it_prevents_deleting_other_users_publications(). Metadata in doc-comments is deprecated and will no longer be supported in PHPUnit 12. Update your test code to use attributes instead.
Test Suite Loaded (48 tests)
Test Runner Started
Test Suite Sorted
Test Suite Filtered (1 test)
Test Runner Execution Started (1 test)
Test Suite Started (C:\Users\gimha\library\App\phpunit.xml, 1 test)
Test Suite Started (Feature, 1 test)
Test Suite Started (Tests\Feature\Api\PublicationControllerTest, 1 test)
Test Preparation Started (Tests\Feature\Api\PublicationControllerTest::it_can_upload_a_publication)
Before Test Method Called (Tests\Feature\Api\PublicationControllerTest::setUp)
Before Test Method Finished:
- Tests\Feature\Api\PublicationControllerTest::setUp
Test Prepared (Tests\Feature\Api\PublicationControllerTest::it_can_upload_a_publication)
"Response Content:" // tests\Feature\Api\PublicationControllerTest.php:56
"""
{\n
    "message": "The route api/publications could not be found.",\n
    "exception": "Symfony\\Component\\HttpKernel\\Exception\\NotFoundHttpException",\n
    "file": "C:\\Users\\gimha\\library\\App\\vendor\\laravel\\framework\\src\\Illuminate\\Routing\\AbstractRouteCollection.php",\n
    "line": 45,\n
    "trace": [\n
        {\n
            "file": "C:\\Users\\gimha\\library\\App\\vendor\\laravel\\framework\\src\\Illuminate\\Routing\\RouteCollection.php",\n
            "line": 162,\n
            "function": "handleMatchedRoute",\n
            "class": "Illuminate\\Routing\\AbstractRouteCollection",\n
            "type": "->"\n
        },\n
        {\n
            "file": "C:\\Users\\gimha\\library\\App\\vendor\\laravel\\framework\\src\\Illuminate\\Routing\\Router.php",\n
            "line": 763,\n
            "function": "match",\n
            "class": "Illuminate\\Routing\\RouteCollection",\n
            "type": "->"\n
        },\n
        {\n
            "file": "C:\\Users\\gimha\\library\\App\\vendor\\laravel\\framework\\src\\Illuminate\\Routing\\Router.php",\n
            "line": 750,\n
            "function": "findRoute",\n
            "class": "Illuminate\\Routing\\Router",\n
            "type": "->"\n
        },\n
        {\n
            "file": "C:\\Users\\gimha\\library\\App\\vendor\\laravel\\framework\\src\\Illuminate\\Routing\\Router.php",\n
            "line": 739,\n
            "function": "dispatchToRoute",\n
            "class": "Illuminate\\Routing\\Router",\n
            "type": "->"\n
        },\n
        {\n
            "file": "C:\\Users\\gimha\\library\\App\\vendor\\laravel\\framework\\src\\Illuminate\\Foundation\\Http\\Kernel.php",\n
            "line": 200,\n
            "function": "dispatch",\n
            "class": "Illuminate\\Routing\\Router",\n
            "type": "->"\n
        },\n
        {\n
            "file": "C:\\Users\\gimha\\library\\App\\vendor\\laravel\\framework\\src\\Illuminate\\Pipeline\\Pipeline.php",\n
            "line": 169,\n
            "function": "{closure:Illuminate\\Foundation\\Http\\Kernel::dispatchToRouter():197}",\n
            "class": "Illuminate\\Foundation\\Http\\Kernel",\n
            "type": "->"\n
        },\n
        {\n
            "file": "C:\\Users\\gimha\\library\\App\\vendor\\laravel\\framework\\src\\Illuminate\\Foundation\\Http\\Middleware\\TransformsRequest.php",\n
            "line": 21,\n
            "function": "{closure:Illuminate\\Pipeline\\Pipeline::prepareDestination():167}",\n
            "class": "Illuminate\\Pipeline\\Pipeline",\n
            "type": "->"\n
        },\n
        {\n
            "file": "C:\\Users\\gimha\\library\\App\\vendor\\laravel\\framework\\src\\Illuminate\\Foundation\\Http\\Middleware\\ConvertEmptyStringsToNull.php",\n
            "line": 31,\n
            "function": "handle",\n
            "class": "Illuminate\\Foundation\\Http\\Middleware\\TransformsRequest",\n
            "type": "->"\n
        },\n
        {\n
            "file": "C:\\Users\\gimha\\library\\App\\vendor\\laravel\\framework\\src\\Illuminate\\Pipeline\\Pipeline.php",\n
            "line": 208,\n
            "function": "handle",\n
            "class": "Illuminate\\Foundation\\Http\\Middleware\\ConvertEmptyStringsToNull",\n
            "type": "->"\n
        },\n
        {\n
            "file": "C:\\Users\\gimha\\library\\App\\vendor\\laravel\\framework\\src\\Illuminate\\Foundation\\Http\\Middleware\\TransformsRequest.php",\n
            "line": 21,\n
            "function": "{closure:{closure:Illuminate\\Pipeline\\Pipeline::carry():183}:184}",\n
            "class": "Illuminate\\Pipeline\\Pipeline",\n
            "type": "->"\n
        },\n
        {\n
            "file": "C:\\Users\\gimha\\library\\App\\vendor\\laravel\\framework\\src\\Illuminate\\Foundation\\Http\\Middleware\\TrimStrings.php",\n
            "line": 51,\n
            "function": "handle",\n
            "class": "Illuminate\\Foundation\\Http\\Middleware\\TransformsRequest",\n
            "type": "->"\n
        },\n
        {\n
            "file": "C:\\Users\\gimha\\library\\App\\vendor\\laravel\\framework\\src\\Illuminate\\Pipeline\\Pipeline.php",\n
            "line": 208,\n
            "function": "handle",\n
            "class": "Illuminate\\Foundation\\Http\\Middleware\\TrimStrings",\n
            "type": "->"\n
        },\n
        {\n
            "file": "C:\\Users\\gimha\\library\\App\\vendor\\laravel\\framework\\src\\Illuminate\\Http\\Middleware\\ValidatePostSize.php",\n
            "line": 27,\n
            "function": "{closure:{closure:Illuminate\\Pipeline\\Pipeline::carry():183}:184}",\n
            "class": "Illuminate\\Pipeline\\Pipeline",\n
            "type": "->"\n
        },\n
        {\n
            "file": "C:\\Users\\gimha\\library\\App\\vendor\\laravel\\framework\\src\\Illuminate\\Pipeline\\Pipeline.php",\n
            "line": 208,\n
            "function": "handle",\n
            "class": "Illuminate\\Http\\Middleware\\ValidatePostSize",\n
            "type": "->"\n
        },\n
        {\n
            "file": "C:\\Users\\gimha\\library\\App\\vendor\\laravel\\framework\\src\\Illuminate\\Foundation\\Http\\Middleware\\PreventRequestsDuringMaintenance.php",\n
            "line": 109,\n
            "function": "{closure:{closure:Illuminate\\Pipeline\\Pipeline::carry():183}:184}",\n
            "class": "Illuminate\\Pipeline\\Pipeline",\n
            "type": "->"\n
        },\n
        {\n
            "file": "C:\\Users\\gimha\\library\\App\\vendor\\laravel\\framework\\src\\Illuminate\\Pipeline\\Pipeline.php",\n
            "line": 208,\n
            "function": "handle",\n
            "class": "Illuminate\\Foundation\\Http\\Middleware\\PreventRequestsDuringMaintenance",\n
            "type": "->"\n
        },\n
        {\n
            "file": "C:\\Users\\gimha\\library\\App\\vendor\\laravel\\framework\\src\\Illuminate\\Http\\Middleware\\HandleCors.php",\n
            "line": 61,\n
            "function": "{closure:{closure:Illuminate\\Pipeline\\Pipeline::carry():183}:184}",\n
            "class": "Illuminate\\Pipeline\\Pipeline",\n
            "type": "->"\n
        },\n
        {\n
            "file": "C:\\Users\\gimha\\library\\App\\vendor\\laravel\\framework\\src\\Illuminate\\Pipeline\\Pipeline.php",\n
            "line": 208,\n
            "function": "handle",\n
            "class": "Illuminate\\Http\\Middleware\\HandleCors",\n
            "type": "->"\n
        },\n
        {\n
            "file": "C:\\Users\\gimha\\library\\App\\vendor\\laravel\\framework\\src\\Illuminate\\Http\\Middleware\\TrustProxies.php",\n
            "line": 58,\n
            "function": "{closure:{closure:Illuminate\\Pipeline\\Pipeline::carry():183}:184}",\n
            "class": "Illuminate\\Pipeline\\Pipeline",\n
            "type": "->"\n
        },\n
        {\n
            "file": "C:\\Users\\gimha\\library\\App\\vendor\\laravel\\framework\\src\\Illuminate\\Pipeline\\Pipeline.php",\n
            "line": 208,\n
            "function": "handle",\n
            "class": "Illuminate\\Http\\Middleware\\TrustProxies",\n
            "type": "->"\n
        },\n
        {\n
            "file": "C:\\Users\\gimha\\library\\App\\vendor\\laravel\\framework\\src\\Illuminate\\Foundation\\Http\\Middleware\\InvokeDeferredCallbacks.php",\n
            "line": 22,\n
            "function": "{closure:{closure:Illuminate\\Pipeline\\Pipeline::carry():183}:184}",\n
            "class": "Illuminate\\Pipeline\\Pipeline",\n
            "type": "->"\n
        },\n
        {\n
            "file": "C:\\Users\\gimha\\library\\App\\vendor\\laravel\\framework\\src\\Illuminate\\Pipeline\\Pipeline.php",\n
            "line": 208,\n
            "function": "handle",\n
            "class": "Illuminate\\Foundation\\Http\\Middleware\\InvokeDeferredCallbacks",\n
            "type": "->"\n
        },\n
        {\n
            "file": "C:\\Users\\gimha\\library\\App\\vendor\\laravel\\framework\\src\\Illuminate\\Http\\Middleware\\ValidatePathEncoding.php",\n
            "line": 26,\n
            "function": "{closure:{closure:Illuminate\\Pipeline\\Pipeline::carry():183}:184}",\n
            "class": "Illuminate\\Pipeline\\Pipeline",\n
            "type": "->"\n
        },\n
        {\n
            "file": "C:\\Users\\gimha\\library\\App\\vendor\\laravel\\framework\\src\\Illuminate\\Pipeline\\Pipeline.php",\n
            "line": 208,\n
            "function": "handle",\n
            "class": "Illuminate\\Http\\Middleware\\ValidatePathEncoding",\n
            "type": "->"\n
        },\n
        {\n
            "file": "C:\\Users\\gimha\\library\\App\\vendor\\laravel\\framework\\src\\Illuminate\\Pipeline\\Pipeline.php",\n
            "line": 126,\n
            "function": "{closure:{closure:Illuminate\\Pipeline\\Pipeline::carry():183}:184}",\n
            "class": "Illuminate\\Pipeline\\Pipeline",\n
            "type": "->"\n
        },\n
        {\n
            "file": "C:\\Users\\gimha\\library\\App\\vendor\\laravel\\framework\\src\\Illuminate\\Foundation\\Http\\Kernel.php",\n
            "line": 175,\n
            "function": "then",\n
            "class": "Illuminate\\Pipeline\\Pipeline",\n
            "type": "->"\n
        },\n
        {\n
            "file": "C:\\Users\\gimha\\library\\App\\vendor\\laravel\\framework\\src\\Illuminate\\Foundation\\Http\\Kernel.php",\n
            "line": 144,\n
            "function": "sendRequestThroughRouter",\n
            "class": "Illuminate\\Foundation\\Http\\Kernel",\n
            "type": "->"\n
        },\n
        {\n
            "file": "C:\\Users\\gimha\\library\\App\\vendor\\laravel\\framework\\src\\Illuminate\\Foundation\\Testing\\Concerns\\MakesHttpRequests.php",\n
            "line": 607,\n
            "function": "handle",\n
            "class": "Illuminate\\Foundation\\Http\\Kernel",\n
            "type": "->"\n
        },\n
        {\n
            "file": "C:\\Users\\gimha\\library\\App\\vendor\\laravel\\framework\\src\\Illuminate\\Foundation\\Testing\\Concerns\\MakesHttpRequests.php",\n
            "line": 573,\n
            "function": "call",\n
            "class": "Illuminate\\Foundation\\Testing\\TestCase",\n
            "type": "->"\n
        },\n
        {\n
            "file": "C:\\Users\\gimha\\library\\App\\vendor\\laravel\\framework\\src\\Illuminate\\Foundation\\Testing\\Concerns\\MakesHttpRequests.php",\n
            "line": 411,\n
            "function": "json",\n
            "class": "Illuminate\\Foundation\\Testing\\TestCase",\n
            "type": "->"\n
        },\n
        {\n
            "file": "C:\\Users\\gimha\\library\\App\\tests\\Feature\\Api\\PublicationControllerTest.php",\n
            "line": 50,\n
            "function": "postJson",\n
            "class": "Illuminate\\Foundation\\Testing\\TestCase",\n
            "type": "->"\n
        },\n
        {\n
            "file": "C:\\Users\\gimha\\library\\App\\vendor\\phpunit\\phpunit\\src\\Framework\\TestCase.php",\n
            "line": 1240,\n
            "function": "it_can_upload_a_publication",\n
            "class": "Tests\\Feature\\Api\\PublicationControllerTest",\n
            "type": "->"\n
        },\n
        {\n
            "file": "C:\\Users\\gimha\\library\\App\\vendor\\phpunit\\phpunit\\src\\Framework\\TestCase.php",\n
            "line": 514,\n
            "function": "runTest",\n
            "class": "PHPUnit\\Framework\\TestCase",\n
            "type": "->"\n
        },\n
        {\n
            "file": "C:\\Users\\gimha\\library\\App\\vendor\\phpunit\\phpunit\\src\\Framework\\TestRunner\\TestRunner.php",\n
            "line": 87,\n
            "function": "runBare",\n
            "class": "PHPUnit\\Framework\\TestCase",\n
            "type": "->"\n
        },\n
        {\n
            "file": "C:\\Users\\gimha\\library\\App\\vendor\\phpunit\\phpunit\\src\\Framework\\TestCase.php",\n
            "line": 361,\n
            "function": "run",\n
            "class": "PHPUnit\\Framework\\TestRunner",\n
            "type": "->"\n
        },\n
        {\n
            "file": "C:\\Users\\gimha\\library\\App\\vendor\\phpunit\\phpunit\\src\\Framework\\TestSuite.php",\n
            "line": 369,\n
            "function": "run",\n
            "class": "PHPUnit\\Framework\\TestCase",\n
            "type": "->"\n
        },\n
        {\n
            "file": "C:\\Users\\gimha\\library\\App\\vendor\\phpunit\\phpunit\\src\\Framework\\TestSuite.php",\n
            "line": 369,\n
            "function": "run",\n
            "class": "PHPUnit\\Framework\\TestSuite",\n
            "type": "->"\n
        },\n
        {\n
            "file": "C:\\Users\\gimha\\library\\App\\vendor\\phpunit\\phpunit\\src\\Framework\\TestSuite.php",\n
            "line": 369,\n
            "function": "run",\n
            "class": "PHPUnit\\Framework\\TestSuite",\n
            "type": "->"\n
        },\n
        {\n
            "file": "C:\\Users\\gimha\\library\\App\\vendor\\phpunit\\phpunit\\src\\TextUI\\TestRunner.php",\n
            "line": 64,\n
            "function": "run",\n
            "class": "PHPUnit\\Framework\\TestSuite",\n
            "type": "->"\n
        },\n
        {\n
            "file": "C:\\Users\\gimha\\library\\App\\vendor\\phpunit\\phpunit\\src\\TextUI\\Application.php",\n
            "line": 210,\n
            "function": "run",\n
            "class": "PHPUnit\\TextUI\\TestRunner",\n
            "type": "->"\n
        },\n
        {\n
            "file": "C:\\Users\\gimha\\library\\App\\vendor\\pestphp\\pest\\src\\Kernel.php",\n
            "line": 103,\n
            "function": "run",\n
            "class": "PHPUnit\\TextUI\\Application",\n
            "type": "->"\n
        },\n
        {\n
            "file": "C:\\Users\\gimha\\library\\App\\vendor\\pestphp\\pest\\bin\\pest",\n
            "line": 184,\n
            "function": "handle",\n
            "class": "Pest\\Kernel",\n
            "type": "->"\n
        },\n
        {\n
            "file": "C:\\Users\\gimha\\library\\App\\vendor\\pestphp\\pest\\bin\\pest",\n
            "line": 192,\n
            "function": "{closure:C:\\Users\\gimha\\library\\App\\vendor\\pestphp\\pest\\bin\\pest:18}"\n
        }\n
    ]\n
}
""" // tests\Feature\Api\PublicationControllerTest.php:56
Test Failed (Tests\Feature\Api\PublicationControllerTest::it_can_upload_a_publication)
Expected response status code [201] but received 404.
Failed asserting that 404 is identical to 201.
After Test Method Called (Tests\Feature\Api\PublicationControllerTest::tearDown)
After Test Method Finished:
- Tests\Feature\Api\PublicationControllerTest::tearDown
Test Finished (Tests\Feature\Api\PublicationControllerTest::it_can_upload_a_publication)
After Last Test Method Called (Tests\Feature\Api\PublicationControllerTest::tearDownAfterClass)
After Last Test Method Finished:
- Tests\Feature\Api\PublicationControllerTest::tearDownAfterClass
Test Suite Finished (Tests\Feature\Api\PublicationControllerTest, 1 test)
Test Suite Finished (Feature, 1 test)
Test Suite Finished (C:\Users\gimha\library\App\phpunit.xml, 1 test)
Test Runner Execution Finished

   FAIL  Tests\Feature\Api\PublicationControllerTest
  Γ¿» it can upload a publicΓÇª 0.06s  
  ΓöÇΓöÇΓöÇΓöÇΓöÇΓöÇΓöÇΓöÇΓöÇΓöÇΓöÇΓöÇΓöÇΓöÇΓöÇΓöÇΓöÇΓöÇΓöÇΓöÇΓöÇΓöÇΓöÇΓöÇΓöÇΓöÇΓöÇΓöÇΓöÇΓöÇΓöÇ  
   FAILED  Tests\Feature\Api\PuΓÇª   
  Expected response status code [201] but received 404.
Failed asserting that 404 is identical to 201.

  at tests\Feature\Api\PublicationControllerTest.php:59
     55Γûò         // Dump the response content for debugging
     56Γûò         dump('Response Content:', $content);
     57Γûò         
     58Γûò         // Assert the response status is 201
  Γ₧£  59Γûò         $response->assertStatus(201);
     60Γûò         
     61Γûò         // Decode the JSON response
     62Γûò         $responseData = json_decode($content, true);
     63Γûò


  Tests:    1 failed (1 assertions)
  Duration: 0.18s

Test Runner Finished
PHPUnit Finished (Shell Exit Code: 1)
